*****************************************************************
      SolidWorks Corporation - IGES Processor Status Report
*****************************************************************
=================================================================
Общая информация
=================================================================
Отправка кода продукта системы: 
Получение кода продукта системы: 
Имя файла                 : C:\Users\ccw\Desktop\LCDKeypadShield.igs
Отправка системы               : Rhinoceros ( Oct 24 2012 )
Версия препроцессора       : Trout Lake IGES 012 Oct 24 2012
Дата создания файла           : 121121.193840
Дата создания модели          : 121121.193840
Единицы                        : INCH
Масштаб пространства модели            : 1
Автор                       : chris kelley
Организация                 : ca-cycleworks.com


=================================================================
Сведения по обработке объекта
=================================================================
ВНИМАНИЕ: #255267, ТИП   144: Ошибка исправлена с помощью отсекающих 3D кривых.


=================================================================
Точный анализ файла IGES:
=================================================================
  Преобладающее число значимых знаков:              14
  Наибольшее число значимых знаков:                     14
  Среднее число значимых знаков:                13.8895
  Максимальное расстояние до исходной точки:                          5.76709
  Минимальное расстояние до исходной точки:                         0.906861
  Эффективное число значимых знаков:              13.8623


=================================================================
Сводка по объектам
=================================================================
-----------------------------------------------------------------
Тип Имя                                         Количество Преобразован
---- ----                                         ----- ---------
102  Composite curve                              20020     20020
126  Rational B-spline curve                      86593     86593
128  Rational B-spline surface                    10231     10231
142  Curve on a parametric surface                 9994      9994
144  Trimmed parametric surface                    8435      8435
314  Color definition                                 7         7
406  Property                                       248       248
_________________________________________________________________


=================================================================
Сводка результатов
=================================================================
Тип элемента SolidWorks                Количество
-----------------------                -----
Твердотельные элементы                       36
Элементы поверхности                     443
Элементы кривой/эскиза                0
--------------------------------------------
Время начала: пятница, Январь 04, 2019 23:11:17
Время окончания: пятница, Январь 04, 2019 23:14:15
Время обработки: 0 days, 00 hours, 02 mins, 58 secs
